Fatal Python error: Bus error

Current thread 0x00007f9d1f697740 (most recent call first):
  File "<frozen importlib._bootstrap>", line 241 in _call_with_frames_removed
  File "<frozen importlib._bootstrap_external>", line 1234 in create_module
  File "<frozen importlib._bootstrap>", line 573 in module_from_spec
  File "<frozen importlib._bootstrap>", line 676 in _load_unlocked
  File "<frozen importlib._bootstrap>", line 1147 in _find_and_load_unlocked
  File "<frozen importlib._bootstrap>", line 1176 in _find_and_load
  File "/eos/home-j/jrimmer/env2/lib64/python3.11/site-packages/numpy/_core/overrides.py", line 7 in <module>
  File "<frozen importlib._bootstrap>", line 241 in _call_with_frames_removed
  File "<frozen importlib._bootstrap_external>", line 940 in exec_module
  File "<frozen importlib._bootstrap>", line 690 in _load_unlocked
  File "<frozen importlib._bootstrap>", line 1147 in _find_and_load_unlocked
  File "<frozen importlib._bootstrap>", line 1176 in _find_and_load
  File "<frozen importlib._bootstrap>", line 241 in _call_with_frames_removed
  File "<frozen importlib._bootstrap>", line 1232 in _handle_fromlist
  File "/eos/home-j/jrimmer/env2/lib64/python3.11/site-packages/numpy/_core/multiarray.py", line 10 in <module>
  File "<frozen importlib._bootstrap>", line 241 in _call_with_frames_removed
  File "<frozen importlib._bootstrap_external>", line 940 in exec_module
  File "<frozen importlib._bootstrap>", line 690 in _load_unlocked
  File "<frozen importlib._bootstrap>", line 1147 in _find_and_load_unlocked
  File "<frozen importlib._bootstrap>", line 1176 in _find_and_load
  File "<frozen importlib._bootstrap>", line 241 in _call_with_frames_removed
  File "<frozen importlib._bootstrap>", line 1232 in _handle_fromlist
  File "/eos/home-j/jrimmer/env2/lib64/python3.11/site-packages/numpy/_core/__init__.py", line 23 in <module>
  File "<frozen importlib._bootstrap>", line 241 in _call_with_frames_removed
  File "<frozen importlib._bootstrap_external>", line 940 in exec_module
  File "<frozen importlib._bootstrap>", line 690 in _load_unlocked
  File "<frozen importlib._bootstrap>", line 1147 in _find_and_load_unlocked
  File "<frozen importlib._bootstrap>", line 1176 in _find_and_load
  File "<frozen importlib._bootstrap>", line 241 in _call_with_frames_removed
  File "<frozen importlib._bootstrap>", line 1126 in _find_and_load_unlocked
  File "<frozen importlib._bootstrap>", line 1176 in _find_and_load
  File "/eos/home-j/jrimmer/env2/lib64/python3.11/site-packages/numpy/__config__.py", line 4 in <module>
  File "<frozen importlib._bootstrap>", line 241 in _call_with_frames_removed
  File "<frozen importlib._bootstrap_external>", line 940 in exec_module
  File "<frozen importlib._bootstrap>", line 690 in _load_unlocked
  File "<frozen importlib._bootstrap>", line 1147 in _find_and_load_unlocked
  File "<frozen importlib._bootstrap>", line 1176 in _find_and_load
  File "/eos/home-j/jrimmer/env2/lib64/python3.11/site-packages/numpy/__init__.py", line 114 in <module>
  File "<frozen importlib._bootstrap>", line 241 in _call_with_frames_removed
  File "<frozen importlib._bootstrap_external>", line 940 in exec_module
  File "<frozen importlib._bootstrap>", line 690 in _load_unlocked
  File "<frozen importlib._bootstrap>", line 1147 in _find_and_load_unlocked
  File "<frozen importlib._bootstrap>", line 1176 in _find_and_load
  File "/eos/home-j/jrimmer/SWAN_projects/beam/LicketyFit_official/scripts/batch_fit_driver.py", line 5666 in <module>
